// Jest Snapshot v1, https://goo.gl/fbAQLP

exports[`App renders correctly 1`] = `
<DocumentFragment>
  <div
    class="weather-app"
  >
    <h1
      class="location-details"
    >
      Five day forecast for Manchester, UK
    </h1>
    <div
      class="search-form"
    >
      <input
        class="search-form_input"
        type="text"
      />
      <button
        class="search-form_button"
        type="submit"
        value=""
      >
        Search
      </button>
    </div>
    <div
      class="forecast-summaries"
    >
      <div
        class="forecast-summary"
        data-testid="forecast-summary"
      >
        <div
          class="forecast-summary_date"
        >
          Mon Apr 30 2018
        </div>
        <div
          class="forecast-summary_icon"
          data-testid="forecast-icon"
        >
          <img
            alt="icon of Clear"
            src="../images/800.png"
          />
        </div>
        <div
          class="forecast-summary_temperature"
        >
          11°C
        </div>
        <div
          class="forecast-summary_description"
        >
          Clear
        </div>
        <button
          class="forecast-summary_button"
          type="submit"
        >
          More details
        </button>
      </div>
      <div
        class="forecast-summary"
        data-testid="forecast-summary"
      >
        <div
          class="forecast-summary_date"
        >
          Tue May 01 2018
        </div>
        <div
          class="forecast-summary_icon"
          data-testid="forecast-icon"
        >
          <img
            alt="icon of Stormy"
            src="../images/200.png"
          />
        </div>
        <div
          class="forecast-summary_temperature"
        >
          13°C
        </div>
        <div
          class="forecast-summary_description"
        >
          Stormy
        </div>
        <button
          class="forecast-summary_button"
          type="submit"
        >
          More details
        </button>
      </div>
      <div
        class="forecast-summary"
        data-testid="forecast-summary"
      >
        <div
          class="forecast-summary_date"
        >
          Wed May 02 2018
        </div>
        <div
          class="forecast-summary_icon"
          data-testid="forecast-icon"
        >
          <img
            alt="icon of Heavy Snow"
            src="../images/600.png"
          />
        </div>
        <div
          class="forecast-summary_temperature"
        >
          1°C
        </div>
        <div
          class="forecast-summary_description"
        >
          Heavy Snow
        </div>
        <button
          class="forecast-summary_button"
          type="submit"
        >
          More details
        </button>
      </div>
      <div
        class="forecast-summary"
        data-testid="forecast-summary"
      >
        <div
          class="forecast-summary_date"
        >
          Thu May 03 2018
        </div>
        <div
          class="forecast-summary_icon"
          data-testid="forecast-icon"
        >
          <img
            alt="icon of Tornado"
            src="../images/700.png"
          />
        </div>
        <div
          class="forecast-summary_temperature"
        >
          20°C
        </div>
        <div
          class="forecast-summary_description"
        >
          Tornado
        </div>
        <button
          class="forecast-summary_button"
          type="submit"
        >
          More details
        </button>
      </div>
      <div
        class="forecast-summary"
        data-testid="forecast-summary"
      >
        <div
          class="forecast-summary_date"
        >
          Fri May 04 2018
        </div>
        <div
          class="forecast-summary_icon"
          data-testid="forecast-icon"
        >
          <img
            alt="icon of Hazy"
            src="../images/700.png"
          />
        </div>
        <div
          class="forecast-summary_temperature"
        >
          25°C
        </div>
        <div
          class="forecast-summary_description"
        >
          Hazy
        </div>
        <button
          class="forecast-summary_button"
          type="submit"
        >
          More details
        </button>
      </div>
    </div>
    <div
      class="forecast-details"
    >
      <h3
        class="forecast-details_heading"
      >
        Forecast Details for Mon Apr 30 2018:
      </h3>
      <ul>
        <li>
          Temperature High: 11°C
        </li>
        <li>
          Temperature Low: 4°C
        </li>
        <li>
          Wind Speed: 13mph
        </li>
        <li>
          Wind Direction: S
        </li>
        <li>
          Humidity: 30%
        </li>
      </ul>
    </div>
  </div>
</DocumentFragment>
`;
