// Jest Snapshot v1, https://goo.gl/fbAQLP

exports[`ForecastDetails renders correctly 1`] = `
<DocumentFragment>
  <div
    class="forecast-details"
  >
    <h3
      class="forecast-details_heading"
    >
      Forecast Details for Mon Apr 30 2018:
    </h3>
    <ul>
      <li>
        Temperature High: 22°C
      </li>
      <li>
        Temperature Low: 12°C
      </li>
      <li>
        Wind Speed: 13mph
      </li>
      <li>
        Wind Direction: S
      </li>
      <li>
        Humidity: 30%
      </li>
    </ul>
  </div>
</DocumentFragment>
`;
