// Jest Snapshot v1, https://goo.gl/fbAQLP

exports[`ForecastSummaries renders correctly 1`] = `
<DocumentFragment>
  <div
    class="forecast-summaries"
  >
    <div
      class="forecast-summary"
      data-testid="forecast-summary"
    >
      <div
        class="forecast-summary_date"
      >
        Thu Jan 01 1970
      </div>
      <div
        class="forecast-summary_icon"
        data-testid="forecast-icon"
      >
        <img
          alt="icon of Stub description 1"
          src="../images/500.png"
        />
      </div>
      <div
        class="forecast-summary_temperature"
      >
        22°C
      </div>
      <div
        class="forecast-summary_description"
      >
        Stub description 1
      </div>
      <button
        class="forecast-summary_button"
        type="submit"
      >
        More details
      </button>
    </div>
    <div
      class="forecast-summary"
      data-testid="forecast-summary"
    >
      <div
        class="forecast-summary_date"
      >
        Thu Jan 01 1970
      </div>
      <div
        class="forecast-summary_icon"
        data-testid="forecast-icon"
      >
        <img
          alt="icon of Stub description2"
          src="../images/800.png"
        />
      </div>
      <div
        class="forecast-summary_temperature"
      >
        24°C
      </div>
      <div
        class="forecast-summary_description"
      >
        Stub description2
      </div>
      <button
        class="forecast-summary_button"
        type="submit"
      >
        More details
      </button>
    </div>
  </div>
</DocumentFragment>
`;
